Traceback (most recent call last):
  File "/Users/kawahito/Desktop/ml_polyrepo_workspace_v1/ml-solution-tabular-analysis/.venv/lib/python3.10/site-packages/hydra/_internal/config_loader_impl.py", line 390, in _apply_overrides_to_config
    OmegaConf.update(cfg, key, value, merge=True)
  File "/Users/kawahito/Desktop/ml_polyrepo_workspace_v1/ml-solution-tabular-analysis/.venv/lib/python3.10/site-packages/omegaconf/omegaconf.py", line 733, in update
    node = root._get_child(last_key)
  File "/Users/kawahito/Desktop/ml_polyrepo_workspace_v1/ml-solution-tabular-analysis/.venv/lib/python3.10/site-packages/omegaconf/basecontainer.py", line 73, in _get_child
    child = self._get_node(
  File "/Users/kawahito/Desktop/ml_polyrepo_workspace_v1/ml-solution-tabular-analysis/.venv/lib/python3.10/site-packages/omegaconf/dictconfig.py", line 475, in _get_node
    self._validate_get(key)
  File "/Users/kawahito/Desktop/ml_polyrepo_workspace_v1/ml-solution-tabular-analysis/.venv/lib/python3.10/site-packages/omegaconf/dictconfig.py", line 164, in _validate_get
    self._format_and_raise(
  File "/Users/kawahito/Desktop/ml_polyrepo_workspace_v1/ml-solution-tabular-analysis/.venv/lib/python3.10/site-packages/omegaconf/base.py", line 231, in _format_and_raise
    format_and_raise(
  File "/Users/kawahito/Desktop/ml_polyrepo_workspace_v1/ml-solution-tabular-analysis/.venv/lib/python3.10/site-packages/omegaconf/_utils.py", line 899, in format_and_raise
    _raise(ex, cause)
  File "/Users/kawahito/Desktop/ml_polyrepo_workspace_v1/ml-solution-tabular-analysis/.venv/lib/python3.10/site-packages/omegaconf/_utils.py", line 797, in _raise
    raise ex.with_traceback(sys.exc_info()[2])  # set env var OC_CAUSE=1 for full trace
omegaconf.errors.ConfigAttributeError: Key 'preprocess_variants' is not in struct
    full_key: pipeline.preprocess_variants
    object_type=dict

The above exception was the direct cause of the following exception:

Traceback (most recent call last):
  File "/Library/Frameworks/Python.framework/Versions/3.10/lib/python3.10/runpy.py", line 196, in _run_module_as_main
    return _run_code(code, main_globals, None,
  File "/Library/Frameworks/Python.framework/Versions/3.10/lib/python3.10/runpy.py", line 86, in _run_code
    exec(code, run_globals)
  File "/Users/kawahito/Desktop/ml_polyrepo_workspace_v1/ml-solution-tabular-analysis/src/tabular_analysis/cli.py", line 137, in <module>
    main()
  File "/Users/kawahito/Desktop/ml_polyrepo_workspace_v1/ml-solution-tabular-analysis/src/tabular_analysis/cli.py", line 122, in main
    cfg = compose(config_name="config", overrides=overrides)
  File "/Users/kawahito/Desktop/ml_polyrepo_workspace_v1/ml-solution-tabular-analysis/.venv/lib/python3.10/site-packages/hydra/compose.py", line 38, in compose
    cfg = gh.hydra.compose_config(
  File "/Users/kawahito/Desktop/ml_polyrepo_workspace_v1/ml-solution-tabular-analysis/.venv/lib/python3.10/site-packages/hydra/_internal/hydra.py", line 594, in compose_config
    cfg = self.config_loader.load_configuration(
  File "/Users/kawahito/Desktop/ml_polyrepo_workspace_v1/ml-solution-tabular-analysis/.venv/lib/python3.10/site-packages/hydra/_internal/config_loader_impl.py", line 142, in load_configuration
    return self._load_configuration_impl(
  File "/Users/kawahito/Desktop/ml_polyrepo_workspace_v1/ml-solution-tabular-analysis/.venv/lib/python3.10/site-packages/hydra/_internal/config_loader_impl.py", line 276, in _load_configuration_impl
    ConfigLoaderImpl._apply_overrides_to_config(config_overrides, cfg)
  File "/Users/kawahito/Desktop/ml_polyrepo_workspace_v1/ml-solution-tabular-analysis/.venv/lib/python3.10/site-packages/hydra/_internal/config_loader_impl.py", line 392, in _apply_overrides_to_config
    raise ConfigCompositionException(
hydra.errors.ConfigCompositionException: Could not override 'pipeline.preprocess_variants'.
To append to your config use +pipeline.preprocess_variants=["stdscaler_ohe"]
